Loading checkpoint shards:   0%|          | 0/2 [00:00<?, ?it/s]Loading checkpoint shards: 100%|██████████| 2/2 [00:00<00:00, 38.69it/s]
  partA/todd L00: best margin over scales -0.083
  partA/todd L01: best margin over scales -0.083
  partA/todd L02: best margin over scales -0.222
  partA/todd L03: best margin over scales -0.037
  partA/todd L04: best margin over scales +0.000
  partA/todd L05: best margin over scales -0.019
  partA/todd L06: best margin over scales +0.000
  partA/todd L07: best margin over scales -0.194
  partA/todd L08: best margin over scales +0.000
  partA/todd L09: best margin over scales -0.056
  partA/todd L10: best margin over scales -0.074
  partA/todd L11: best margin over scales -0.194
  partA/todd L12: best margin over scales -0.685
  partA/todd L13: best margin over scales -0.750
  partA/todd L14: best margin over scales -0.963
  partA/todd L15: best margin over scales -0.815
  partA/todd L16: best margin over scales -0.630
  partA/todd L17: best margin over scales -0.722
  partA/todd L18: best margin over scales -0.213
  partA/todd L19: best margin over scales -0.056
  partA/todd L20: best margin over scales -0.056
  partA/todd L21: best margin over scales -0.019
  partA/todd L22: best margin over scales +0.000
  partA/todd L23: best margin over scales +0.000
  partA/todd L24: best margin over scales +0.000
  partA/todd L25: best margin over scales +0.000
  partA/todd L26: best margin over scales +0.000
  partA/todd L27: best margin over scales +0.000
  partA/hendel L00: best margin over scales +0.000
  partA/hendel L01: best margin over scales +0.000
  partA/hendel L02: best margin over scales +0.000
  partA/hendel L03: best margin over scales +0.000
  partA/hendel L04: best margin over scales +0.000
  partA/hendel L05: best margin over scales +0.000
  partA/hendel L06: best margin over scales +0.000
  partA/hendel L07: best margin over scales +0.000
  partA/hendel L08: best margin over scales -0.009
  partA/hendel L09: best margin over scales -0.009
  partA/hendel L10: best margin over scales -0.009
  partA/hendel L11: best margin over scales -0.102
  partA/hendel L12: best margin over scales -0.139
  partA/hendel L13: best margin over scales -0.028
  partA/hendel L14: best margin over scales -0.472
  partA/hendel L15: best margin over scales -0.370
  partA/hendel L16: best margin over scales +0.000
  partA/hendel L17: best margin over scales -0.065
  partA/hendel L18: best margin over scales -0.037
  partA/hendel L19: best margin over scales +0.000
  partA/hendel L20: best margin over scales +0.000
  partA/hendel L21: best margin over scales -0.046
  partA/hendel L22: best margin over scales -0.093
  partA/hendel L23: best margin over scales +0.000
  partA/hendel L24: best margin over scales -0.102
  partA/hendel L25: best margin over scales +0.000
  partA/hendel L26: best margin over scales -0.028
  partA/hendel L27: best margin over scales -0.083
  partB/todd L00: best margin over scales -0.120
  partB/todd L01: best margin over scales -0.130
  partB/todd L02: best margin over scales -0.491
  partB/todd L03: best margin over scales -0.083
  partB/todd L04: best margin over scales -0.093
  partB/todd L05: best margin over scales -0.019
  partB/todd L06: best margin over scales -0.028
  partB/todd L07: best margin over scales -0.148
  partB/todd L08: best margin over scales +0.000
  partB/todd L09: best margin over scales -0.046
  partB/todd L10: best margin over scales -0.065
  partB/todd L11: best margin over scales -0.111
  partB/todd L12: best margin over scales -0.574
  partB/todd L13: best margin over scales -0.759
  partB/todd L14: best margin over scales -0.657
  partB/todd L15: best margin over scales -0.639
  partB/todd L16: best margin over scales -0.546
  partB/todd L17: best margin over scales -0.481
  partB/todd L18: best margin over scales -0.231
  partB/todd L19: best margin over scales +0.000
  partB/todd L20: best margin over scales -0.009
  partB/todd L21: best margin over scales +0.000
  partB/todd L22: best margin over scales +0.000
  partB/todd L23: best margin over scales +0.000
  partB/todd L24: best margin over scales +0.000
  partB/todd L25: best margin over scales +0.000
  partB/todd L26: best margin over scales +0.000
  partB/todd L27: best margin over scales +0.000
  partB/hendel L00: best margin over scales +0.000
  partB/hendel L01: best margin over scales +0.000
  partB/hendel L02: best margin over scales +0.000
  partB/hendel L03: best margin over scales +0.000
  partB/hendel L04: best margin over scales +0.000
  partB/hendel L05: best margin over scales +0.000
  partB/hendel L06: best margin over scales +0.000
  partB/hendel L07: best margin over scales +0.000
  partB/hendel L08: best margin over scales +0.000
  partB/hendel L09: best margin over scales +0.000
  partB/hendel L10: best margin over scales +0.000
  partB/hendel L11: best margin over scales -0.056
  partB/hendel L12: best margin over scales -0.074
  partB/hendel L13: best margin over scales -0.019
  partB/hendel L14: best margin over scales -0.370
  partB/hendel L15: best margin over scales -0.352
  partB/hendel L16: best margin over scales +0.000
  partB/hendel L17: best margin over scales -0.120
  partB/hendel L18: best margin over scales -0.037
  partB/hendel L19: best margin over scales +0.000
  partB/hendel L20: best margin over scales +0.000
  partB/hendel L21: best margin over scales -0.028
  partB/hendel L22: best margin over scales -0.102
  partB/hendel L23: best margin over scales +0.000
  partB/hendel L24: best margin over scales -0.083
  partB/hendel L25: best margin over scales +0.000
  partB/hendel L26: best margin over scales -0.046
  partB/hendel L27: best margin over scales -0.083
  halfA/todd L00: best margin over scales -0.148
  halfA/todd L01: best margin over scales -0.037
  halfA/todd L02: best margin over scales -0.287
  halfA/todd L03: best margin over scales -0.009
  halfA/todd L04: best margin over scales -0.019
  halfA/todd L05: best margin over scales +0.000
  halfA/todd L06: best margin over scales +0.000
  halfA/todd L07: best margin over scales -0.148
  halfA/todd L08: best margin over scales -0.019
  halfA/todd L09: best margin over scales -0.046
  halfA/todd L10: best margin over scales -0.093
  halfA/todd L11: best margin over scales -0.204
  halfA/todd L12: best margin over scales -0.176
  halfA/todd L13: best margin over scales -0.852
  halfA/todd L14: best margin over scales -0.981
  halfA/todd L15: best margin over scales -0.944
  halfA/todd L16: best margin over scales -0.796
  halfA/todd L17: best margin over scales -0.796
  halfA/todd L18: best margin over scales -0.324
  halfA/todd L19: best margin over scales -0.065
  halfA/todd L20: best margin over scales -0.028
  halfA/todd L21: best margin over scales -0.009
  halfA/todd L22: best margin over scales +0.000
  halfA/todd L23: best margin over scales +0.000
  halfA/todd L24: best margin over scales +0.000
  halfA/todd L25: best margin over scales +0.000
  halfA/todd L26: best margin over scales +0.000
  halfA/todd L27: best margin over scales +0.000
  halfA/hendel L00: best margin over scales +0.000
  halfA/hendel L01: best margin over scales +0.000
  halfA/hendel L02: best margin over scales -0.019
  halfA/hendel L03: best margin over scales +0.000
  halfA/hendel L04: best margin over scales +0.000
  halfA/hendel L05: best margin over scales +0.000
  halfA/hendel L06: best margin over scales +0.000
  halfA/hendel L07: best margin over scales -0.009
  halfA/hendel L08: best margin over scales -0.009
  halfA/hendel L09: best margin over scales -0.037
  halfA/hendel L10: best margin over scales -0.037
  halfA/hendel L11: best margin over scales -0.167
  halfA/hendel L12: best margin over scales -0.222
  halfA/hendel L13: best margin over scales -0.102
  halfA/hendel L14: best margin over scales -0.611
  halfA/hendel L15: best margin over scales -0.389
  halfA/hendel L16: best margin over scales -0.037
  halfA/hendel L17: best margin over scales -0.148
  halfA/hendel L18: best margin over scales -0.102
  halfA/hendel L19: best margin over scales -0.019
  halfA/hendel L20: best margin over scales -0.019
  halfA/hendel L21: best margin over scales -0.074
  halfA/hendel L22: best margin over scales -0.157
  halfA/hendel L23: best margin over scales +0.000
  halfA/hendel L24: best margin over scales -0.167
  halfA/hendel L25: best margin over scales +0.000
  halfA/hendel L26: best margin over scales -0.028
  halfA/hendel L27: best margin over scales -0.083
  halfB/todd L00: best margin over scales -0.093
  halfB/todd L01: best margin over scales -0.019
  halfB/todd L02: best margin over scales -0.500
  halfB/todd L03: best margin over scales -0.065
  halfB/todd L04: best margin over scales -0.083
  halfB/todd L05: best margin over scales -0.009
  halfB/todd L06: best margin over scales +0.000
  halfB/todd L07: best margin over scales -0.111
  halfB/todd L08: best margin over scales +0.000
  halfB/todd L09: best margin over scales -0.046
  halfB/todd L10: best margin over scales -0.065
  halfB/todd L11: best margin over scales -0.111
  halfB/todd L12: best margin over scales -0.417
  halfB/todd L13: best margin over scales -0.750
  halfB/todd L14: best margin over scales -0.806
  halfB/todd L15: best margin over scales -0.722
  halfB/todd L16: best margin over scales -0.574
  halfB/todd L17: best margin over scales -0.528
  halfB/todd L18: best margin over scales -0.324
  halfB/todd L19: best margin over scales -0.037
  halfB/todd L20: best margin over scales -0.037
  halfB/todd L21: best margin over scales +0.000
  halfB/todd L22: best margin over scales +0.000
  halfB/todd L23: best margin over scales +0.000
  halfB/todd L24: best margin over scales +0.000
  halfB/todd L25: best margin over scales +0.000
  halfB/todd L26: best margin over scales +0.000
  halfB/todd L27: best margin over scales +0.000
  halfB/hendel L00: best margin over scales +0.000
  halfB/hendel L01: best margin over scales +0.000
  halfB/hendel L02: best margin over scales -0.009
  halfB/hendel L03: best margin over scales +0.000
  halfB/hendel L04: best margin over scales +0.000
  halfB/hendel L05: best margin over scales +0.000
  halfB/hendel L06: best margin over scales +0.000
  halfB/hendel L07: best margin over scales +0.000
  halfB/hendel L08: best margin over scales -0.019
  halfB/hendel L09: best margin over scales -0.019
  halfB/hendel L10: best margin over scales -0.028
  halfB/hendel L11: best margin over scales -0.148
  halfB/hendel L12: best margin over scales -0.167
  halfB/hendel L13: best margin over scales -0.093
  halfB/hendel L14: best margin over scales -0.574
  halfB/hendel L15: best margin over scales -0.472
  halfB/hendel L16: best margin over scales -0.037
  halfB/hendel L17: best margin over scales -0.259
  halfB/hendel L18: best margin over scales -0.102
  halfB/hendel L19: best margin over scales -0.019
  halfB/hendel L20: best margin over scales -0.019
  halfB/hendel L21: best margin over scales -0.046
  halfB/hendel L22: best margin over scales -0.139
  halfB/hendel L23: best margin over scales +0.000
  halfB/hendel L24: best margin over scales -0.167
  halfB/hendel L25: best margin over scales +0.000
  halfB/hendel L26: best margin over scales -0.074
  halfB/hendel L27: best margin over scales -0.083
sweep complete: 224/224 chunks present (5929s this session)
